2026-04-13 11:11:57,205 | INFO | [1/6] START profile: 1
2026-04-13 11:11:57,206 | WARNING | [1] Redirect detected
2026-04-13 11:13:26,956 | INFO | [1] Current URL: https://www.linkedin.com/authwall?trk=bf&trkInfo=AQFnLPYayUht0gAAAZ2FXHAo_GWHj7IgwQyCqLrVsxiAaNeQeQlfhz6Rv7MZsCIfrxyGbUd6j8-Ma5ywWNUBuKw8BLNBG9MLAuMtFVbWSgsOIXe3nrhOCUO-vH4A4YXKeA60cKU=&original_referer=&sessionRedirect=https%3A%2F%2Fin.linkedin.com%2Fin%2Fsunita-george-a9b87451
2026-04-13 11:13:48,051 | ERROR | [1] ERROR: LinkedInScraper.get_about_section() missing 1 required positional argument: 'profile_id'
Traceback (most recent call last):
  File "C:\Users\addys\OneDrive\Desktop\Sports\Linkedin\src\linkedin_about_scraper.py", line 211, in run
    about = self.get_about_section(url,profile_id)
            ^^^^^^^^^^^^^^^^^^^^^^^^^^^^^^^^^^^^^^
  File "C:\Users\addys\OneDrive\Desktop\Sports\Linkedin\src\linkedin_about_scraper.py", line 175, in get_about_section
    return self.get_about_section(url, retry=False)
           ^^^^^^^^^^^^^^^^^^^^^^^^^^^^^^^^^^^^^^^^
TypeError: LinkedInScraper.get_about_section() missing 1 required positional argument: 'profile_id'
2026-04-13 11:13:58,502 | INFO | [2/6] START profile: 1
2026-04-13 11:13:58,502 | WARNING | [1] Redirect detected
2026-04-13 11:14:04,742 | INFO | [1] Current URL: https://in.linkedin.com/in/josephine-jessie-vas-b9805521
2026-04-13 11:14:04,753 | DEBUG | [1] Scrolling page
2026-04-13 11:14:12,169 | ERROR | [1] ERROR: LinkedInScraper._save_debug_html() missing 1 required positional argument: 'profile_id'
Traceback (most recent call last):
  File "C:\Users\addys\OneDrive\Desktop\Sports\Linkedin\src\linkedin_about_scraper.py", line 211, in run
    about = self.get_about_section(url,profile_id)
            ^^^^^^^^^^^^^^^^^^^^^^^^^^^^^^^^^^^^^^
  File "C:\Users\addys\OneDrive\Desktop\Sports\Linkedin\src\linkedin_about_scraper.py", line 188, in get_about_section
    return self._extract_about_text()
           ^^^^^^^^^^^^^^^^^^^^^^^^^^
  File "C:\Users\addys\OneDrive\Desktop\Sports\Linkedin\src\linkedin_about_scraper.py", line 146, in _extract_about_text
    self._save_debug_html("no_about_debug.html")
TypeError: LinkedInScraper._save_debug_html() missing 1 required positional argument: 'profile_id'
2026-04-13 11:14:24,084 | INFO | [3/6] START profile: 2
2026-04-13 11:14:24,084 | WARNING | [2] Redirect detected
2026-04-13 11:14:28,701 | INFO | [2] Current URL: https://www.linkedin.com/authwall?trk=bf&trkInfo=AQGcAWHVUxvBGQAAAZ2FXqaQr3IVRZMhchS7b6EFUskDcrZ2M_TgbAT_gKYsfboijz41yDNIdfa_1L9vPJGwAjXkHAMEU2j2OUYW8-M2MKIS1G1KgzVpYfbqdb-scJVuI5gZfi0=&original_referer=&sessionRedirect=https%3A%2F%2Fin.linkedin.com%2Fin%2Fjo-williams-4104b852
2026-04-13 11:14:49,889 | ERROR | [2] ERROR: LinkedInScraper.get_about_section() missing 1 required positional argument: 'profile_id'
Traceback (most recent call last):
  File "C:\Users\addys\OneDrive\Desktop\Sports\Linkedin\src\linkedin_about_scraper.py", line 211, in run
    about = self.get_about_section(url,profile_id)
            ^^^^^^^^^^^^^^^^^^^^^^^^^^^^^^^^^^^^^^
  File "C:\Users\addys\OneDrive\Desktop\Sports\Linkedin\src\linkedin_about_scraper.py", line 175, in get_about_section
    return self.get_about_section(url, retry=False)
           ^^^^^^^^^^^^^^^^^^^^^^^^^^^^^^^^^^^^^^^^
TypeError: LinkedInScraper.get_about_section() missing 1 required positional argument: 'profile_id'
2026-04-13 11:15:03,698 | INFO | [4/6] START profile: 3
2026-04-13 11:15:03,699 | WARNING | [3] Redirect detected
2026-04-13 11:15:07,964 | INFO | [3] Current URL: https://www.linkedin.com/authwall?trk=bf&trkInfo=AQHAbXJpHKmXEgAAAZ2FXz7oippcojluolkFIXCQP63Od74EQswtGsRpewCMdAfbTRBfzkgBfYsORPrvVAptur04q5Fv4r-zTJWKLt1UQpeoGfkcevXo3GeXWPTrypCiMr3cEj8=&original_referer=&sessionRedirect=https%3A%2F%2Fin.linkedin.com%2Fin%2Fmanjula-shenoi-5b1b8423
2026-04-13 11:15:29,302 | ERROR | [3] ERROR: LinkedInScraper.get_about_section() missing 1 required positional argument: 'profile_id'
Traceback (most recent call last):
  File "C:\Users\addys\OneDrive\Desktop\Sports\Linkedin\src\linkedin_about_scraper.py", line 211, in run
    about = self.get_about_section(url,profile_id)
            ^^^^^^^^^^^^^^^^^^^^^^^^^^^^^^^^^^^^^^
  File "C:\Users\addys\OneDrive\Desktop\Sports\Linkedin\src\linkedin_about_scraper.py", line 175, in get_about_section
    return self.get_about_section(url, retry=False)
           ^^^^^^^^^^^^^^^^^^^^^^^^^^^^^^^^^^^^^^^^
TypeError: LinkedInScraper.get_about_section() missing 1 required positional argument: 'profile_id'
2026-04-13 11:15:41,606 | INFO | [5/6] START profile: 5
2026-04-13 11:15:41,606 | WARNING | [5] Redirect detected
